[backblue.gif]
[fade.gif]
[index.html]
[tonedear.com/images/favicon.gif]
[tonedear.com/js/jquery-1.11.0.min.js]
[tonedear.com/bootstrap/js/bootstrap.min.js]
[tonedear.com/index.html]
[tonedear.com/bootstrap/fonts/glyphicons-halflings-regular.eot]
[tonedear.com/bootstrap/fonts/glyphicons-halflings-regulard41d.eot]
[tonedear.com/bootstrap/fonts/glyphicons-halflings-regular.woff]
[tonedear.com/bootstrap/fonts/glyphicons-halflings-regular.ttf]
[tonedear.com/bootstrap/css/bootstrap.min.css]
[tonedear.com/css/base.css]
[tonedear.com/soundfont/acoustic_grand_piano-mp3.js]
[tonedear.com/inc/shim/Base64.js]
[tonedear.com/inc/shim/Base64binary.js]
[tonedear.com/inc/shim/WebAudioAPI.js]
[tonedear.com/js/midi/audioDetect.js]
[tonedear.com/js/midi/gm.js]
[tonedear.com/js/midi/loader.js]
[tonedear.com/js/midi/plugin.audiotag.js]
[tonedear.com/js/midi/plugin.webaudio.js]
[tonedear.com/js/midi/plugin.webmidi.js]
[tonedear.com/js/util/dom_request_xhr.js]
[tonedear.com/js/util/dom_request_script.js]
[tonedear.com/js/jQuery.fastClick.js]
[tonedear.com/js/ear-training/helpers.js]
[tonedear.com/js/jquery.hotkeys.js]
[tonedear.com/js/ear-training/base.js]
[tonedear.com/js/ear-training/intervals.js]
[tonedear.com/images/google-play-badge.png]
[tonedear.com/ear-training/intervals.html]
[tonedear.com/images/apple-store-badge.png]
[tonedear.com/ear-training/chord-identification.html]
[tonedear.com/js/ear-training/chords.js]
[tonedear.com/js/ear-training/scales.js]
[tonedear.com/ear-training/scale-identification.html]
[tonedear.com/ear-training/chord-progressions.html]
[tonedear.com/js/ear-training/chord_progressions.js]
[tonedear.com/ear-training/absolute-perfect-pitch-test.html]
[tonedear.com/js/ear-training/perfect_pitch.js]
[tonedear.com/js/ear-training/functional.js]
[tonedear.com/ear-training/functional-solfege-scale-degrees.html]
[tonedear.com/js/ear-training/scale_degree_interval.js]
[tonedear.com/ear-training/intervals-in-solfege-context.html]
[tonedear.com/js/ear-training/melodic_dictation.js]
[tonedear.com/ear-training/melodic-dictation-practice.html]
[tonedear.com/js/vexflow-min.js]
[tonedear.com/ear-training/how-to-practice.html]
[tonedear.com/android-ios-ear-training-app.html]
[tonedear.com/contact.html]
[tonedear.com/bootstrap/fonts/glyphicons-halflings-regular.svg]
[tonedear.com/ear-training/contact.html]
